<generatedTop>
  <k>
    .
  </k>
  <stack>
    #CreateContract ( code { DROP .AnnotationList ; UNIT .AnnotationList ; NIL .AnnotationList operation .AnnotationList ; PAIR .AnnotationList } ; storage unit .AnnotationList ; parameter unit .AnnotationList ; , Some #KeyHash ( "1" ) , #Mutez ( 12 ) , Unit ) ~> #Address ( "0" )
  </stack>
  <paramtype>
    #NotSet
  </paramtype>
  <storagetype>
    #NotSet
  </storagetype>
  <balance>
    #Mutez ( 0 )
  </balance>
  <amount>
    #Mutez ( 0 )
  </amount>
  <now>
    #Timestamp ( -1 )
  </now>
  <myaddr>
    #Address ( "InvalidMyAddr" )
  </myaddr>
  <knownaddrs>
    .Map
  </knownaddrs>
  <sourceaddr>
    #Address ( "InvalidSourceAddr" )
  </sourceaddr>
  <senderaddr>
    #Address ( "InvalidSenderAddr" )
  </senderaddr>
  <chainid>
    #ChainId ( 0 )
  </chainid>
</generatedTop>
