<generatedTop>
  <k>
    Aborted ( 1 )
  </k>
  <stack>
    FailedStack
  </stack>
</generatedTop>
