<generatedTop>
  <k>
    .
  </k>
  <stack>
    Stack ( ListItem ( Pair { .DataList } false ) )
  </stack>
</generatedTop>
