<generatedTop>
  <k>
    .
  </k>
  <paramtype>
    unit
  </paramtype>
  <storagetype>
    unit
  </storagetype>
  <stack>
    Stack ( ListItem ( Pair .List SetItem ( 5 )
    SetItem ( 20 ) ) )
  </stack>
  <balance>
    #Mutez ( 0 )
  </balance>
  <amount>
    #Mutez ( 0 )
  </amount>
  <now>
    #Timestamp ( 0 )
  </now>
  <myaddr>
    #Address ( 0 )
  </myaddr>
  <knownaddrs>
    .Map
  </knownaddrs>
  <sourceaddr>
    #Address ( 0 )
  </sourceaddr>
  <senderaddr>
    #Address ( 0 )
  </senderaddr>
</generatedTop>
