<generatedTop>
  <k>
    #VerifyStorage ( #Mutez ( 4000000000000 ) )
  </k>
  <stack>
    Pair .List #Mutez ( 0 )
  </stack>
  <paramtype>
    unit .AnnotationList
  </paramtype>
  <storagetype>
    mutez .AnnotationList
  </storagetype>
  <balance>
    #Mutez ( 0 )
  </balance>
  <amount>
    #Mutez ( 0 )
  </amount>
  <now>
    #Timestamp ( -1 )
  </now>
  <myaddr>
    #Address ( "InvalidMyAddr" )
  </myaddr>
  <knownaddrs>
    .Map
  </knownaddrs>
  <sourceaddr>
    #Address ( "InvalidSourceAddr" )
  </sourceaddr>
  <senderaddr>
    #Address ( "InvalidSenderAddr" )
  </senderaddr>
  <chainid>
    #ChainId ( 0 )
  </chainid>
</generatedTop>
