<generatedTop>
  <k>
    .
  </k>
  <stack>
    Pair .List Right Some Pair #Mutez ( 0 ) #Mutez ( 5 )
  </stack>
  <paramtype>
    pair .AnnotationList mutez .AnnotationList or .AnnotationList mutez .AnnotationList nat .AnnotationList
  </paramtype>
  <storagetype>
    or .AnnotationList option .AnnotationList pair .AnnotationList nat .AnnotationList mutez .AnnotationList option .AnnotationList pair .AnnotationList mutez .AnnotationList mutez .AnnotationList
  </storagetype>
  <balance>
    #Mutez ( 0 )
  </balance>
  <amount>
    #Mutez ( 0 )
  </amount>
  <now>
    #Timestamp ( -1 )
  </now>
  <myaddr>
    #Address ( "InvalidMyAddr" )
  </myaddr>
  <knownaddrs>
    .Map
  </knownaddrs>
  <sourceaddr>
    #Address ( "InvalidSourceAddr" )
  </sourceaddr>
  <senderaddr>
    #Address ( "InvalidSenderAddr" )
  </senderaddr>
  <chainid>
    #ChainId ( 0 )
  </chainid>
</generatedTop>
