<generatedTop>
  <k>
    BLAKE2B .AnnotationList ~> NIL .AnnotationList operation .AnnotationList ; PAIR .AnnotationList ~> #TransformExpected ( 0xb4c26c20de52a4eaf0d8a340db47ad8cb1e74049570859c9a9a3952b204c772f )
  </k>
  <stack>
    #Packed ( "12345" )
  </stack>
  <paramtype>
    string .AnnotationList
  </paramtype>
  <storagetype>
    bytes .AnnotationList
  </storagetype>
  <balance>
    #Mutez ( 0 )
  </balance>
  <amount>
    #Mutez ( 0 )
  </amount>
  <now>
    #Timestamp ( -1 )
  </now>
  <myaddr>
    #Address ( "InvalidMyAddr" )
  </myaddr>
  <knownaddrs>
    .Map
  </knownaddrs>
  <sourceaddr>
    #Address ( "InvalidSourceAddr" )
  </sourceaddr>
  <senderaddr>
    #Address ( "InvalidSenderAddr" )
  </senderaddr>
  <chainid>
    #ChainId ( 0 )
  </chainid>
</generatedTop>
