<generatedTop>
  <k>
    BLAKE2B .AnnotationList ~> NIL .AnnotationList operation .AnnotationList ; PAIR .AnnotationList ~> #TransformExpected ( 0x46fdbcb4ea4eadad5615cdaa17d67f783e01e21149ce2b27de497600b4cd8f4e )
  </k>
  <stack>
    #Packed ( "abcdefg" )
  </stack>
  <paramtype>
    string .AnnotationList
  </paramtype>
  <storagetype>
    bytes .AnnotationList
  </storagetype>
  <balance>
    #Mutez ( 0 )
  </balance>
  <amount>
    #Mutez ( 0 )
  </amount>
  <now>
    #Timestamp ( -1 )
  </now>
  <myaddr>
    #Address ( "InvalidMyAddr" )
  </myaddr>
  <knownaddrs>
    .Map
  </knownaddrs>
  <sourceaddr>
    #Address ( "InvalidSourceAddr" )
  </sourceaddr>
  <senderaddr>
    #Address ( "InvalidSenderAddr" )
  </senderaddr>
  <chainid>
    #ChainId ( 0 )
  </chainid>
</generatedTop>
