<generatedTop>
  <k>
    .
  </k>
  <stack>
    Pair .List Pair #Map ( "foo" |-> 0 , string .AnnotationList , nat .AnnotationList ) Some true
  </stack>
  <paramtype>
    string .AnnotationList
  </paramtype>
  <storagetype>
    pair .AnnotationList map .AnnotationList string .AnnotationList nat .AnnotationList option .AnnotationList bool .AnnotationList
  </storagetype>
  <balance>
    #Mutez ( 0 )
  </balance>
  <amount>
    #Mutez ( 0 )
  </amount>
  <now>
    #Timestamp ( -1 )
  </now>
  <myaddr>
    #Address ( "InvalidMyAddr" )
  </myaddr>
  <knownaddrs>
    .Map
  </knownaddrs>
  <sourceaddr>
    #Address ( "InvalidSourceAddr" )
  </sourceaddr>
  <senderaddr>
    #Address ( "InvalidSenderAddr" )
  </senderaddr>
  <chainid>
    #ChainId ( 0 )
  </chainid>
</generatedTop>
