<generatedTop>
  <k>
    SET_CAR %s  .AnnotationList ~> NIL .AnnotationList operation .AnnotationList ; PAIR .AnnotationList ~> #TransformExpected ( Pair "abc" 0 )
  </k>
  <stack>
    Pair "hello" 0 ~> "abc"
  </stack>
  <paramtype>
    string .AnnotationList
  </paramtype>
  <storagetype>
    pair .AnnotationList string %s  .AnnotationList nat %n  .AnnotationList
  </storagetype>
  <balance>
    #Mutez ( 0 )
  </balance>
  <amount>
    #Mutez ( 0 )
  </amount>
  <now>
    #Timestamp ( -1 )
  </now>
  <myaddr>
    #Address ( "InvalidMyAddr" )
  </myaddr>
  <knownaddrs>
    .Map
  </knownaddrs>
  <sourceaddr>
    #Address ( "InvalidSourceAddr" )
  </sourceaddr>
  <senderaddr>
    #Address ( "InvalidSenderAddr" )
  </senderaddr>
  <chainid>
    #ChainId ( 0 )
  </chainid>
</generatedTop>
