<generatedTop>
  <k>
    .
  </k>
  <stack>
    None
  </stack>
  <paramtype>
    #NotSet
  </paramtype>
  <storagetype>
    #NotSet
  </storagetype>
  <balance>
    #Mutez ( 0 )
  </balance>
  <amount>
    #Mutez ( 0 )
  </amount>
  <now>
    #Timestamp ( -1 )
  </now>
  <myaddr>
    #Address ( -1 )
  </myaddr>
  <knownaddrs>
    #Address ( 1 ) |-> #Contract ( #Address ( 1 ) , unit )
  </knownaddrs>
  <sourceaddr>
    #Address ( -2 )
  </sourceaddr>
  <senderaddr>
    #Address ( -3 )
  </senderaddr>
  <chainid>
    #ChainId ( 0 )
  </chainid>
</generatedTop>
